<testsuites id="" name="" tests="3" failures="2" skipped="0" errors="0" time="37.832576">
<testsuite name="search.spec.ts" timestamp="2026-06-04T07:04:50.946Z" hostname="chromium" tests="3" failures="2" skipped="0" time="96.456" errors="0">
<testcase name="Tính năng Tìm kiếm (Search) › TC-SEARCH-S2-002: Tìm kiếm chứa ký tự đặc biệt &amp; mã độc (XSS)" classname="search.spec.ts" time="32.321">
</testcase>
<testcase name="Tính năng Tìm kiếm (Search) › TC-SEARCH-S5-001: Nhận diện dung sai lỗi chính tả (Typo Tolerance)" classname="search.spec.ts" time="34.764">
<system-out>
<![CDATA[
[[ATTACHMENT|test-results\search-Tính-năng-Tìm-kiếm--11ee3-ỗi-chính-tả-Typo-Tolerance--chromium\test-failed-1.png]]

[[ATTACHMENT|test-results\search-Tính-năng-Tìm-kiếm--11ee3-ỗi-chính-tả-Typo-Tolerance--chromium\video.webm]]

[[ATTACHMENT|test-results\search-Tính-năng-Tìm-kiếm--11ee3-ỗi-chính-tả-Typo-Tolerance--chromium\error-context.md]]

[[ATTACHMENT|test-results\search-Tính-năng-Tìm-kiếm--11ee3-ỗi-chính-tả-Typo-Tolerance--chromium\trace.zip]]
]]>
</system-out>
<failure message="expect(locator).toBeVisible() failed" type="expect.toBeVisible">
<![CDATA[  [chromium] › search.spec.ts:273:7 › Tính năng Tìm kiếm (Search) › TC-SEARCH-S5-001: Nhận diện dung sai lỗi chính tả (Typo Tolerance) › [Thiếu ký tự] Nhập "hry potter", kỳ vọng ra "harry potter" 

    Error: expect(locator).toBeVisible() failed

    Locator: locator('h2.product-name-no-ellipsis a, h2.p-name-list a, .products-grid .p-name-list a').first()
    Expected: visible
    Timeout: 15000ms
    Error: element(s) not found

    Call log:
      - Expect "toBeVisible" with timeout 15000ms
      - waiting for locator('h2.product-name-no-ellipsis a, h2.p-name-list a, .products-grid .p-name-list a').first()


       at ..\pages\SearchPage.ts:120

      118 |
      119 |   async expectProductListVisible() {
    > 120 |     await expect(this.productTitleLinks.first()).toBeVisible({
          |                                                  ^
      121 |       timeout: 15000,
      122 |     });
      123 |   }
        at SearchPage.expectProductListVisible (C:\Users\ThinkPad T14s\Downloads\nam4\ki2\dot2\kiemthu\giuaky\code\pages\SearchPage.ts:120:50)
        at SearchPage.getTopProductTitles (C:\Users\ThinkPad T14s\Downloads\nam4\ki2\dot2\kiemthu\giuaky\code\pages\SearchPage.ts:126:16)
        at C:\Users\ThinkPad T14s\Downloads\nam4\ki2\dot2\kiemthu\giuaky\code\tests\search.spec.ts:279:44
        at C:\Users\ThinkPad T14s\Downloads\nam4\ki2\dot2\kiemthu\giuaky\code\tests\search.spec.ts:276:7

    attachment #1: screenshot (image/png) ──────────────────────────────────────────────────────────
    ..\test-results\search-Tính-năng-Tìm-kiếm--11ee3-ỗi-chính-tả-Typo-Tolerance--chromium\test-failed-1.png
    ────────────────────────────────────────────────────────────────────────────────────────────────

    attachment #2: video (video/webm) ──────────────────────────────────────────────────────────────
    ..\test-results\search-Tính-năng-Tìm-kiếm--11ee3-ỗi-chính-tả-Typo-Tolerance--chromium\video.webm
    ────────────────────────────────────────────────────────────────────────────────────────────────

    Error Context: ..\test-results\search-Tính-năng-Tìm-kiếm--11ee3-ỗi-chính-tả-Typo-Tolerance--chromium\error-context.md

    attachment #4: trace (application/zip) ─────────────────────────────────────────────────────────
    ..\test-results\search-Tính-năng-Tìm-kiếm--11ee3-ỗi-chính-tả-Typo-Tolerance--chromium\trace.zip
    Usage:

        npx playwright show-trace ..\test-results\search-Tính-năng-Tìm-kiếm--11ee3-ỗi-chính-tả-Typo-Tolerance--chromium\trace.zip

    ────────────────────────────────────────────────────────────────────────────────────────────────
]]>
</failure>
</testcase>
<testcase name="Tính năng Tìm kiếm (Search) › TC-SEARCH-S5-003: Kiểm tra hiệu năng phản hồi cơ bản (Search Performance)" classname="search.spec.ts" time="29.371">
<system-out>
<![CDATA[
[[ATTACHMENT|test-results\search-Tính-năng-Tìm-kiếm--6698d--cơ-bản-Search-Performance--chromium\test-failed-1.png]]

[[ATTACHMENT|test-results\search-Tính-năng-Tìm-kiếm--6698d--cơ-bản-Search-Performance--chromium\video.webm]]

[[ATTACHMENT|test-results\search-Tính-năng-Tìm-kiếm--6698d--cơ-bản-Search-Performance--chromium\error-context.md]]

[[ATTACHMENT|test-results\search-Tính-năng-Tìm-kiếm--6698d--cơ-bản-Search-Performance--chromium\trace.zip]]
]]>
</system-out>
<failure message="Lỗi Hiệu năng: Tìm kiếm &quot;harry potter&quot; tốn 8856ms (Vượt quá 5000ms)" type="expect.toBeLessThanOrEqual">
<![CDATA[  [chromium] › search.spec.ts:308:7 › Tính năng Tìm kiếm (Search) › TC-SEARCH-S5-003: Kiểm tra hiệu năng phản hồi cơ bản (Search Performance) 

    Error: Lỗi Hiệu năng: Tìm kiếm "harry potter" tốn 8856ms (Vượt quá 5000ms)

    expect(received).toBeLessThanOrEqual(expected)

    Expected: <= 5000
    Received:    8856

      324 |       loadTime,
      325 |       `Lỗi Hiệu năng: Tìm kiếm "${keyword}" tốn ${loadTime}ms (Vượt quá ${maxAcceptableTimeMs}ms)`,
    > 326 |     ).toBeLessThanOrEqual(maxAcceptableTimeMs);
          |       ^
      327 |   });
      328 | });
      329 |
        at C:\Users\ThinkPad T14s\Downloads\nam4\ki2\dot2\kiemthu\giuaky\code\tests\search.spec.ts:326:7

    attachment #1: screenshot (image/png) ──────────────────────────────────────────────────────────
    ..\test-results\search-Tính-năng-Tìm-kiếm--6698d--cơ-bản-Search-Performance--chromium\test-failed-1.png
    ────────────────────────────────────────────────────────────────────────────────────────────────

    attachment #2: video (video/webm) ──────────────────────────────────────────────────────────────
    ..\test-results\search-Tính-năng-Tìm-kiếm--6698d--cơ-bản-Search-Performance--chromium\video.webm
    ────────────────────────────────────────────────────────────────────────────────────────────────

    Error Context: ..\test-results\search-Tính-năng-Tìm-kiếm--6698d--cơ-bản-Search-Performance--chromium\error-context.md

    attachment #4: trace (application/zip) ─────────────────────────────────────────────────────────
    ..\test-results\search-Tính-năng-Tìm-kiếm--6698d--cơ-bản-Search-Performance--chromium\trace.zip
    Usage:

        npx playwright show-trace ..\test-results\search-Tính-năng-Tìm-kiếm--6698d--cơ-bản-Search-Performance--chromium\trace.zip

    ────────────────────────────────────────────────────────────────────────────────────────────────
]]>
</failure>
</testcase>
</testsuite>
</testsuites>